\BOOKMARK [0][-]{chapter*.1}{\376\377\004\020\004\075\004\075\004\076\004\102\004\060\004\106\004\070\004\117}{}% 1
\BOOKMARK [0][-]{chapter.0}{\376\377\004\042\004\065\004\076\004\100\004\070\004\117\000\040\004\020\004\061\004\101\004\076\004\073\004\116\004\102\004\060}{}% 2
\BOOKMARK [1][-]{section.0.1}{\376\377\004\020\004\061\004\101\004\076\004\073\004\116\004\102\000\040\004\072\004\060\004\072\000\040\004\077\004\100\004\065\004\064\004\065\004\073\004\114\004\075\004\076\004\065\000\040\004\076\004\101\004\075\004\076\004\062\004\060\004\075\004\070\004\065}{chapter.0}% 3
\BOOKMARK [1][-]{section.0.2}{\376\377\004\037\004\100\004\070\004\075\004\106\004\070\004\077\000\040\004\062\004\076\004\067\004\075\004\070\004\072\004\075\004\076\004\062\004\065\004\075\004\070\004\117\000\040\004\100\004\060\004\067\004\073\004\070\004\107\004\070\004\074\004\076\004\101\004\102\004\070}{chapter.0}% 4
\BOOKMARK [1][-]{section.0.3}{\376\377\004\040\004\060\004\101\004\077\004\100\004\065\004\064\004\065\004\073\004\121\004\075\004\075\004\113\004\071\000\040\004\106\004\065\004\075\004\102\004\100}{chapter.0}% 5
\BOOKMARK [1][-]{section.0.4}{\376\377\004\042\004\100\004\070\000\040\004\077\004\100\004\070\004\075\004\106\004\070\004\077\004\060\000\040\004\042\004\065\004\076\004\100\004\070\004\070\000\040\004\020\004\061\004\101\004\076\004\073\004\116\004\102\004\060}{chapter.0}% 6
\BOOKMARK [0][-]{chapter.1}{\376\377\004\041\004\076\004\067\004\075\004\060\004\075\004\070\004\065\000\040\004\070\000\040\004\074\004\060\004\102\004\065\004\100\004\070\004\117\000\040\004\072\004\060\004\072\000\040\004\076\004\075\004\102\004\076\004\073\004\076\004\063\004\070\004\107\004\065\004\101\004\072\004\070\004\065\000\040\004\103\004\100\004\076\004\062\004\075\004\070}{}% 7
\BOOKMARK [1][-]{section.1.1}{\376\377\004\041\004\076\004\067\004\075\004\060\004\075\004\070\004\065\000\040\004\072\004\060\004\072\000\040\004\065\004\064\004\070\004\075\004\076\004\065\000\040\004\106\004\065\004\073\004\076\004\065}{chapter.1}% 8
\BOOKMARK [1][-]{section.1.2}{\376\377\004\034\004\060\004\102\004\065\004\100\004\070\004\117\000\040\004\072\004\060\004\072\000\040\004\103\004\100\004\076\004\062\004\065\004\075\004\114\000\040\004\077\004\100\004\076\004\117\004\062\004\073\004\065\004\075\004\070\004\117}{chapter.1}% 9
\BOOKMARK [1][-]{section.1.3}{\376\377\004\035\004\060\004\107\004\060\004\073\004\076\000\040\004\074\004\060\004\102\004\065\004\100\004\070\004\070\000\040\004\072\004\060\004\072\000\040\004\073\004\076\004\063\004\070\004\107\004\065\004\101\004\072\004\060\004\117\000\040\004\067\004\060\004\062\004\070\004\101\004\070\004\074\004\076\004\101\004\102\004\114}{chapter.1}% 10
\BOOKMARK [1][-]{section.1.4}{\376\377\004\030\004\065\004\100\004\060\004\100\004\105\004\070\004\117\000\040\004\103\004\100\004\076\004\062\004\075\004\065\004\071}{chapter.1}% 11
\BOOKMARK [1][-]{section.1.5}{\376\377\004\055\004\077\004\070\004\101\004\102\004\065\004\074\004\076\004\073\004\076\004\063\004\070\004\107\004\065\004\101\004\072\004\076\004\065\000\040\004\101\004\073\004\065\004\064\004\101\004\102\004\062\004\070\004\065}{chapter.1}% 12
\BOOKMARK [1][-]{section.1.6}{\376\377\004\041\004\062\004\117\004\067\004\114\000\040\004\101\000\040\004\042\004\065\004\076\004\100\004\070\004\065\004\071\000\040\004\025\004\064\004\070\004\075\004\076\004\063\004\076\000\040\004\046\004\065\004\073\004\076\004\063\004\076}{chapter.1}% 13
\BOOKMARK [0][-]{chapter.2}{\376\377\004\022\004\062\004\065\004\064\004\065\004\075\004\070\004\065\000\040\004\070\000\040\004\077\004\076\004\100\004\117\004\064\004\076\004\072\000\040\004\062\004\113\004\062\004\076\004\064\004\060}{}% 14
\BOOKMARK [1][-]{section.2.1}{\376\377\004\034\004\065\004\102\004\076\004\064\004\076\004\073\004\076\004\063\004\070\004\107\004\065\004\101\004\072\004\076\004\065\000\040\004\102\004\100\004\065\004\061\004\076\004\062\004\060\004\075\004\070\004\065}{chapter.2}% 15
\BOOKMARK [1][-]{section.2.2}{\376\377\004\037\004\076\004\073\004\075\004\060\004\117\000\040\004\106\004\065\004\077\004\076\004\107\004\072\004\060\000\040\004\062\004\113\004\062\004\076\004\064\004\060}{chapter.2}% 16
\BOOKMARK [0][-]{chapter.3}{\376\377\004\036\004\101\004\075\004\076\004\062\004\060\004\075\004\070\004\065\000:\000\040\004\074\004\065\004\100\004\065\004\076\004\073\004\076\004\063\004\070\004\117\000\040\004\070\000\040\004\100\004\065\004\110\004\121\004\102\004\072\004\060}{}% 17
\BOOKMARK [1][-]{section.3.1}{\376\377\004\037\004\076\004\107\004\065\004\074\004\103\000\040\004\075\004\065\000\040\004\102\004\065\004\076\004\100\004\070\004\117\000\040\004\074\004\075\004\076\004\066\004\065\004\101\004\102\004\062}{chapter.3}% 18
\BOOKMARK [1][-]{section.3.2}{\376\377\004\034\004\065\004\100\004\065\004\076\004\073\004\076\004\063\004\070\004\107\004\065\004\101\004\072\004\070\004\065\000\040\004\060\004\072\004\101\004\070\004\076\004\074\004\113}{chapter.3}% 19
\BOOKMARK [0][-]{chapter.4}{\376\377\004\041\004\102\004\100\004\103\004\072\004\102\004\103\004\100\004\060\000\040\004\067\004\075\004\060\004\107\004\065\004\075\004\070\004\071\000\040\004\076\004\102\004\075\004\076\004\110\004\065\004\075\004\070\004\071}{}% 20
\BOOKMARK [1][-]{section.4.1}{\376\377\004\035\004\076\004\100\004\074\004\070\004\100\004\076\004\062\004\060\004\075\004\075\004\060\004\117\000\040\004\103\004\077\004\076\004\100\004\117\004\064\004\076\004\107\004\065\004\075\004\075\004\060\004\117\000\040\004\063\004\100\004\103\004\077\004\077\004\060\000\040\004\067\004\075\004\060\004\107\004\065\004\075\004\070\004\071}{chapter.4}% 21
\BOOKMARK [0][-]{chapter.5}{\376\377\004\036\004\102\004\075\004\076\004\110\004\065\004\075\004\070\004\117}{}% 22
\BOOKMARK [1][-]{section.5.1}{\376\377\004\036\004\102\004\075\004\076\004\110\004\065\004\075\004\070\004\065\000\040\004\072\004\060\004\072\000\040\004\076\004\102\004\076\004\061\004\100\004\060\004\066\004\065\004\075\004\070\004\065\000\040\004\062\000\040\004\063\004\100\004\103\004\077\004\077\004\103\000\040\004\067\004\075\004\060\004\107\004\065\004\075\004\070\004\071}{chapter.5}% 23
\BOOKMARK [0][-]{chapter.6}{\376\377\004\041\004\076\004\101\004\102\004\076\004\117\004\075\004\070\004\117\000\040\004\070\000\040\004\070\004\067\004\074\004\065\004\075\004\065\004\075\004\070\004\065}{}% 24
\BOOKMARK [1][-]{section.6.1}{\376\377\004\041\004\070\004\101\004\102\004\065\004\074\004\113\000\040\004\070\000\040\004\101\004\076\004\101\004\102\004\076\004\117\004\075\004\070\004\117}{chapter.6}% 25
\BOOKMARK [1][-]{section.6.2}{\376\377\004\040\004\065\004\073\004\117\004\106\004\070\004\076\004\075\004\075\004\076\004\065\000\040\004\077\004\100\004\070\004\100\004\060\004\111\004\065\004\075\004\070\004\065}{chapter.6}% 26
\BOOKMARK [0][-]{chapter.7}{\376\377\004\022\004\113\004\062\004\065\004\064\004\065\004\075\004\070\004\065\000\040\004\077\004\100\004\076\004\101\004\102\004\100\004\060\004\075\004\101\004\102\004\062\004\060\000:\000\040\004\074\004\065\004\102\004\100\004\070\004\072\004\060\000\040\004\072\004\060\004\072\000\040\004\102\004\065\004\076\004\100\004\065\004\074\004\060}{}% 27
\BOOKMARK [1][-]{section.7.1}{\376\377\004\040\004\065\004\073\004\117\004\106\004\070\004\076\004\075\004\075\004\076\004\065\000\040\004\100\004\060\004\101\004\101\004\102\004\076\004\117\004\075\004\070\004\065}{chapter.7}% 28
\BOOKMARK [1][-]{section.7.2}{\376\377\004\023\004\065\004\076\004\074\004\065\004\102\004\100\004\070\004\117\000\040\004\072\004\060\004\072\000\040\004\070\004\075\004\062\004\060\004\100\004\070\004\060\004\075\004\102}{chapter.7}% 29
\BOOKMARK [0][-]{chapter.8}{\376\377\004\024\004\070\004\075\004\060\004\074\004\070\004\107\004\065\004\101\004\072\004\076\004\065\000\040\004\100\004\060\004\101\004\110\004\070\004\100\004\065\004\075\004\070\004\065\000\040\004\062\004\100\004\065\004\074\004\065\004\075\004\070}{}% 30
\BOOKMARK [1][-]{section.8.1}{\376\377\004\022\004\100\004\065\004\074\004\117\000\040\004\072\004\060\004\072\000\040\004\064\004\076\004\077\004\076\004\073\004\075\004\070\004\102\004\065\004\073\004\114\004\075\004\060\004\117\000\040\004\101\004\102\004\100\004\103\004\072\004\102\004\103\004\100\004\060\000\040\004\070\004\067\004\074\004\065\004\075\004\065\004\075\004\070\004\117}{chapter.8}% 31
\BOOKMARK [0][-]{chapter.9}{\376\377\004\035\004\060\004\061\004\073\004\116\004\064\004\060\004\102\004\065\004\073\004\070\000\040\004\070\000\040\004\076\004\102\004\075\004\076\004\101\004\070\004\102\004\065\004\073\004\114\004\075\004\113\004\065\000\040\004\106\004\065\004\075\004\102\004\100\004\113}{}% 32
\BOOKMARK [0][-]{chapter.10}{\376\377\004\040\004\065\004\073\004\117\004\106\004\070\004\076\004\075\004\075\004\060\004\117\000\040\004\074\004\065\004\105\004\060\004\075\004\070\004\072\004\060}{}% 33
\BOOKMARK [1][-]{section.10.1}{\376\377\004\024\004\062\004\070\004\066\004\065\004\075\004\070\004\065\000,\000\040\004\101\004\072\004\076\004\100\004\076\004\101\004\102\004\114\000,\000\040\004\103\004\101\004\072\004\076\004\100\004\065\004\075\004\070\004\065}{chapter.10}% 34
\BOOKMARK [1][-]{section.10.2}{\376\377\004\043\004\101\004\102\004\076\004\071\004\107\004\070\004\062\004\076\004\101\004\102\004\114\000\040\004\070\000\040\004\074\004\060\004\101\004\101\004\060\000\040\004\061\004\065\004\067\000\040\004\101\004\072\004\100\004\113\004\102\004\076\004\071\000\040\004\060\004\100\004\070\004\104\004\074\004\065\004\102\004\070\004\072\004\070}{chapter.10}% 35
\BOOKMARK [1][-]{section.10.3}{\376\377\004\030\004\074\004\077\004\103\004\073\004\114\004\101\000\040\004\070\000\040\004\101\004\070\004\073\004\060}{chapter.10}% 36
\BOOKMARK [0][-]{chapter.11}{\376\377\004\055\004\075\004\065\004\100\004\063\004\070\004\117\000:\000\040\004\073\004\076\004\072\004\060\004\073\004\114\004\075\004\060\004\117\000\040\004\104\004\076\004\100\004\074\004\060\000\040\004\101\004\102\004\076\004\070\004\074\004\076\004\101\004\102\004\070\000\040\004\070\004\067\004\074\004\065\004\075\004\065\004\075\004\070\004\117}{}% 37
\BOOKMARK [1][-]{section.11.1}{\376\377\004\044\004\103\004\075\004\072\004\106\004\070\004\076\004\075\004\060\004\073\000\040\004\101\004\102\004\076\004\070\004\074\004\076\004\101\004\102\004\070\000\040\004\070\004\067\004\074\004\065\004\075\004\065\004\075\004\070\004\117}{chapter.11}% 38
\BOOKMARK [1][-]{section.11.2}{\376\377\004\037\004\076\004\073\004\075\004\060\004\117\000\040\004\115\004\075\004\065\004\100\004\063\004\070\004\117\000,\000\040\004\073\004\060\004\063\004\100\004\060\004\075\004\066\004\070\004\060\004\075\000\040\004\070\000\040\004\063\004\060\004\074\004\070\004\073\004\114\004\102\004\076\004\075\004\070\004\060\004\075}{chapter.11}% 39
\BOOKMARK [0][-]{chapter.12}{\376\377\004\035\004\065\004\077\004\100\004\076\004\102\004\070\004\062\004\076\004\100\004\065\004\107\004\070\004\062\004\076\004\101\004\102\004\114\000\040\004\102\004\065\004\076\004\100\004\070\004\070}{}% 40
\BOOKMARK [1][-]{section.12.1}{\376\377\004\037\004\076\004\101\004\102\004\060\004\075\004\076\004\062\004\072\004\060\000\040\004\062\004\076\004\077\004\100\004\076\004\101\004\060}{chapter.12}% 41
\BOOKMARK [1][-]{section.12.2}{\376\377\004\025\004\062\004\072\004\073\004\070\004\064\004\076\004\062\004\060\000\040\004\074\004\076\004\064\004\065\004\073\004\114}{chapter.12}% 42
\BOOKMARK [0][-]{chapter.13}{\376\377\004\044\004\070\004\067\004\070\004\107\004\065\004\101\004\072\004\060\004\117\000\040\004\070\004\075\004\102\004\065\004\100\004\077\004\100\004\065\004\102\004\060\004\106\004\070\004\117\000\040\004\070\000\040\004\103\004\101\004\073\004\076\004\062\004\075\004\113\004\065\000\040\004\101\004\073\004\065\004\064\004\101\004\102\004\062\004\070\004\117}{}% 43
\BOOKMARK [1][-]{section.13.1}{\376\377\004\041\004\076\004\077\004\076\004\101\004\102\004\060\004\062\004\073\004\065\004\075\004\070\004\065\000\040\004\101\004\076\000\040\004\101\004\105\004\065\004\074\004\060\004\074\004\070}{chapter.13}% 44
\BOOKMARK [1][-]{section.13.2}{\376\377\004\043\004\101\004\073\004\076\004\062\004\075\004\113\004\065\000\040\004\101\004\073\004\065\004\064\004\101\004\102\004\062\004\070\004\117\000\040\004\064\004\070\004\075\004\060\004\074\004\070\004\107\004\065\004\101\004\072\004\076\004\063\004\076\000\040\004\100\004\060\004\101\004\110\004\070\004\100\004\065\004\075\004\070\004\117}{chapter.13}% 45
\BOOKMARK [1][-]{section.13.3}{\376\377\004\042\004\100\004\065\004\061\004\076\004\062\004\060\004\075\004\070\004\065\000\040\004\072\000\040\004\075\004\060\004\101\004\102\004\076\004\117\004\111\004\065\004\074\004\103\000\040\004\104\004\070\004\067\004\070\004\107\004\065\004\101\004\072\004\076\004\074\004\103\000\040\004\077\004\100\004\065\004\064\004\101\004\072\004\060\004\067\004\060\004\075\004\070\004\116}{chapter.13}% 46
\BOOKMARK [1][-]{section.13.4}{\376\377\004\032\004\100\004\070\004\102\004\065\004\100\004\070\004\070\000\040\004\104\004\070\004\067\004\070\004\107\004\065\004\101\004\072\004\076\004\071\000\040\004\077\004\100\004\070\004\074\004\065\004\075\004\070\004\074\004\076\004\101\004\102\004\070}{chapter.13}% 47
\BOOKMARK [0][-]{chapter.14}{\376\377\004\027\004\060\004\072\004\073\004\116\004\107\004\065\004\075\004\070\004\065}{}% 48
\BOOKMARK [0][-]{chapter*.3}{\376\377\004\041\004\062\004\076\004\064\004\072\004\060\000\040\004\077\004\065\004\100\004\065\004\100\004\060\004\061\004\076\004\102\004\072\004\070\000\040\004\077\004\076\004\101\004\073\004\065\000\040\004\115\004\072\004\101\004\077\004\065\004\100\004\102\004\070\004\067\004\113}{}% 49
