\BOOKMARK [1][-]{section*.2}{\376\377\004\037\004\100\004\065\004\064\004\062\004\060\004\100\004\070\004\102\004\065\004\073\004\114\004\075\004\076\004\065\000\040\004\067\004\060\004\074\004\065\004\107\004\060\004\075\004\070\004\065}{}% 1
\BOOKMARK [1][-]{section.1}{\376\377\004\040\004\065\004\110\004\065\004\075\004\070\004\065\000\040\0001\0001\000.\0001\000.\000\040\004\034\004\075\004\076\004\066\004\065\004\101\004\102\004\062\004\076\000\040\004\067\004\075\004\060\004\107\004\065\004\075\004\070\004\071\000\040\004\076\004\102\004\075\004\076\004\110\004\065\004\075\004\070\004\071}{}% 2
\BOOKMARK [1][-]{section.2}{\376\377\004\040\004\065\004\110\004\065\004\075\004\070\004\065\000\040\0001\0001\000.\0002\000.\000\040\004\043\004\101\004\073\004\076\004\062\004\070\004\117\000\040\004\074\004\065\004\102\004\100\004\070\004\072\004\070}{}% 3
\BOOKMARK [2][-]{subsection.2.1}{\376\377\004\035\004\065\004\076\004\102\004\100\004\070\004\106\004\060\004\102\004\065\004\073\004\114\004\075\004\076\004\101\004\102\004\114}{section.2}% 4
\BOOKMARK [2][-]{subsection.2.2}{\376\377\004\042\004\076\004\066\004\064\004\065\004\101\004\102\004\062\004\065\004\075\004\075\004\076\004\101\004\102\004\114}{section.2}% 5
\BOOKMARK [2][-]{subsection.2.3}{\376\377\004\041\004\070\004\074\004\074\004\065\004\102\004\100\004\070\004\117\000\040\004\074\004\065\004\102\004\100\004\070\004\107\004\065\004\101\004\072\004\076\004\071\000\040\004\077\004\100\004\076\004\065\004\072\004\106\004\070\004\070}{section.2}% 6
\BOOKMARK [2][-]{subsection.2.4}{\376\377\004\035\004\065\004\100\004\060\004\062\004\065\004\075\004\101\004\102\004\062\004\076\000\040\004\102\004\100\004\065\004\103\004\063\004\076\004\073\004\114\004\075\004\070\004\072\004\060}{section.2}% 7
\BOOKMARK [1][-]{section.3}{\376\377\004\040\004\065\004\110\004\065\004\075\004\070\004\065\000\040\0001\0001\000.\0003\000.\000\040\004\022\004\100\004\065\004\074\004\117}{}% 8
\BOOKMARK [2][-]{subsection.3.1}{\376\377\004\024\004\073\004\070\004\102\004\065\004\073\004\114\004\075\004\076\004\101\004\102\004\114}{section.3}% 9
\BOOKMARK [2][-]{subsection.3.2}{\376\377\004\035\004\060\004\077\004\100\004\060\004\062\004\073\004\065\004\075\004\075\004\076\004\065\000\040\004\062\004\100\004\065\004\074\004\117}{section.3}% 10
\BOOKMARK [2][-]{subsection.3.3}{\376\377\004\035\004\065\004\076\004\061\004\100\004\060\004\102\004\070\004\074\004\076\004\101\004\102\004\114}{section.3}% 11
\BOOKMARK [1][-]{section.4}{\376\377\004\040\004\065\004\110\004\065\004\075\004\070\004\065\000\040\0001\0001\000.\0004\000.\000\040\004\044\004\070\004\067\004\070\004\107\004\065\004\101\004\072\004\070\004\065\000\040\004\062\004\065\004\073\004\070\004\107\004\070\004\075\004\113}{}% 12
\BOOKMARK [2][-]{subsection.4.1}{\376\377\004\024\004\062\004\070\004\066\004\065\004\075\004\070\004\065}{section.4}% 13
\BOOKMARK [2][-]{subsection.4.2}{\376\377\004\040\004\060\004\101\004\101\004\102\004\076\004\117\004\075\004\070\004\065}{section.4}% 14
\BOOKMARK [2][-]{subsection.4.3}{\376\377\004\022\004\100\004\065\004\074\004\065\004\075\004\075\004\076\004\071\000\040\004\110\004\060\004\063}{section.4}% 15
\BOOKMARK [2][-]{subsection.4.4}{\376\377\004\041\004\072\004\076\004\100\004\076\004\101\004\102\004\114}{section.4}% 16
\BOOKMARK [2][-]{subsection.4.5}{\376\377\004\043\004\101\004\072\004\076\004\100\004\065\004\075\004\070\004\065}{section.4}% 17
\BOOKMARK [2][-]{subsection.4.6}{\376\377\004\043\004\101\004\102\004\076\004\071\004\107\004\070\004\062\004\076\004\101\004\102\004\114}{section.4}% 18
\BOOKMARK [2][-]{subsection.4.7}{\376\377\004\034\004\060\004\101\004\101\004\060}{section.4}% 19
\BOOKMARK [2][-]{subsection.4.8}{\376\377\004\030\004\074\004\077\004\103\004\073\004\114\004\101}{section.4}% 20
\BOOKMARK [2][-]{subsection.4.9}{\376\377\004\041\004\070\004\073\004\060}{section.4}% 21
\BOOKMARK [2][-]{subsection.4.10}{\376\377\004\055\004\075\004\065\004\100\004\063\004\070\004\117}{section.4}% 22
\BOOKMARK [2][-]{subsection.4.11}{\376\377\004\033\004\060\004\063\004\100\004\060\004\075\004\066\004\070\004\060\004\075}{section.4}% 23
\BOOKMARK [2][-]{subsection.4.12}{\376\377\004\023\004\060\004\074\004\070\004\073\004\114\004\102\004\076\004\075\004\070\004\060\004\075}{section.4}% 24
\BOOKMARK [1][-]{section.5}{\376\377\004\044\004\070\004\075\004\060\004\073\004\114\004\075\004\060\004\117\000\040\004\104\004\076\004\100\004\074\004\103\004\073\004\060\000\040\004\067\004\060\004\072\004\100\004\113\004\102\004\070\004\117\000\040\004\076\004\102\004\072\004\100\004\113\004\102\004\113\004\105\000\040\004\067\004\060\004\064\004\060\004\107}{}% 25
\BOOKMARK [1][-]{section*.3}{\376\377\004\030\004\102\004\076\004\063}{}% 26
