\BOOKMARK [0][-]{chapter*.1}{\376\377\004\020\004\075\004\075\004\076\004\102\004\060\004\106\004\070\004\117}{}% 1
\BOOKMARK [0][-]{chapter.1}{\376\377\004\022\004\062\004\065\004\064\004\065\004\075\004\070\004\065}{}% 2
\BOOKMARK [1][-]{section.1.1}{\376\377\004\034\004\076\004\102\004\070\004\062\004\070\004\100\004\076\004\062\004\072\004\060}{chapter.1}% 3
\BOOKMARK [1][-]{section.1.2}{\376\377\004\036\004\101\004\075\004\076\004\062\004\075\004\060\004\117\000\040\004\070\004\064\004\065\004\117}{chapter.1}% 4
\BOOKMARK [1][-]{section.1.3}{\376\377\004\034\004\065\004\102\004\076\004\064\004\076\004\073\004\076\004\063\004\070\004\107\004\065\004\101\004\072\004\076\004\065\000\040\004\102\004\100\004\065\004\061\004\076\004\062\004\060\004\075\004\070\004\065}{chapter.1}% 5
\BOOKMARK [0][-]{chapter.2}{\376\377\004\044\004\076\004\100\004\074\004\060\004\073\004\114\004\075\004\113\004\071\000\040\004\117\004\067\004\113\004\072}{}% 6
\BOOKMARK [1][-]{section.2.1}{\376\377\004\037\004\065\004\100\004\062\004\070\004\107\004\075\004\113\004\065\000\040\004\101\004\070\004\074\004\062\004\076\004\073\004\113}{chapter.2}% 7
\BOOKMARK [1][-]{section.2.2}{\376\377\004\027\004\060\004\077\004\100\004\065\004\111\004\121\004\075\004\075\004\113\004\065\000\040\004\077\004\065\004\100\004\062\004\070\004\107\004\075\004\113\004\065\000\040\004\077\004\076\004\075\004\117\004\102\004\070\004\117}{chapter.2}% 8
\BOOKMARK [1][-]{section.2.3}{\376\377\004\032\004\073\004\060\004\101\004\101\000\040\004\107\004\060\004\101\004\102\004\065\004\071}{chapter.2}% 9
\BOOKMARK [0][-]{chapter.3}{\376\377\004\020\004\072\004\101\004\070\004\076\004\074\004\060\004\102\004\070\004\072\004\060\000\040\004\025\004\064\004\070\004\075\004\076\004\063\004\076\000\040\004\046\004\065\004\073\004\076\004\063\004\076}{}% 10
\BOOKMARK [1][-]{section.3.1}{\376\377\004\035\004\065\004\077\004\076\004\101\004\100\004\065\004\064\004\101\004\102\004\062\004\065\004\075\004\075\004\113\004\065\000\040\004\101\004\073\004\065\004\064\004\101\004\102\004\062\004\070\004\117\000\040\004\060\004\072\004\101\004\070\004\076\004\074}{chapter.3}% 11
\BOOKMARK [0][-]{chapter.4}{\376\377\004\042\004\065\004\076\004\100\004\070\004\117\000\040\004\076\004\102\004\075\004\076\004\110\004\065\004\075\004\070\004\071}{}% 12
\BOOKMARK [1][-]{section.4.1}{\376\377\004\036\004\102\004\075\004\076\004\110\004\065\004\075\004\070\004\065\000\040\004\072\004\060\004\072\000\040\004\076\004\102\004\076\004\061\004\100\004\060\004\066\004\065\004\075\004\070\004\065}{chapter.4}% 13
\BOOKMARK [1][-]{section.4.2}{\376\377\004\022\004\070\004\064\004\113\000\040\004\076\004\102\004\075\004\076\004\110\004\065\004\075\004\070\004\071}{chapter.4}% 14
\BOOKMARK [1][-]{section.4.3}{\376\377\004\041\004\070\004\101\004\102\004\065\004\074\004\060\000\040\004\076\004\102\004\075\004\076\004\110\004\065\004\075\004\070\004\071}{chapter.4}% 15
\BOOKMARK [1][-]{section.4.4}{\376\377\004\034\004\070\004\075\004\070\004\074\004\060\004\073\004\114\004\075\004\113\004\065\000\040\004\101\004\070\004\101\004\102\004\065\004\074\004\113}{chapter.4}% 16
\BOOKMARK [0][-]{chapter.5}{\376\377\004\041\004\076\004\101\004\102\004\076\004\117\004\075\004\070\004\117\000\040\004\070\000\040\004\070\004\067\004\074\004\065\004\075\004\065\004\075\004\070\004\065}{}% 17
\BOOKMARK [1][-]{section.5.1}{\376\377\004\034\004\075\004\076\004\066\004\065\004\101\004\102\004\062\004\076\000\040\004\101\004\076\004\101\004\102\004\076\004\117\004\075\004\070\004\071}{chapter.5}% 18
\BOOKMARK [1][-]{section.5.2}{\376\377\004\044\004\103\004\075\004\072\004\106\004\070\004\117\000\040\004\100\004\060\004\067\004\073\004\070\004\107\004\070\004\117}{chapter.5}% 19
\BOOKMARK [0][-]{chapter.6}{\376\377\004\022\004\113\004\062\004\065\004\064\004\065\004\075\004\070\004\065\000\040\004\077\004\100\004\076\004\101\004\102\004\100\004\060\004\075\004\101\004\102\004\062\004\060}{}% 20
\BOOKMARK [1][-]{section.6.1}{\376\377\004\037\004\100\004\076\004\101\004\102\004\100\004\060\004\075\004\101\004\102\004\062\004\076\000\040\004\072\004\060\004\072\000\040\004\101\004\102\004\100\004\103\004\072\004\102\004\103\004\100\004\060\000\040\004\076\004\102\004\075\004\076\004\110\004\065\004\075\004\070\004\071}{chapter.6}% 21
\BOOKMARK [1][-]{section.6.2}{\376\377\004\040\004\065\004\073\004\117\004\106\004\070\004\076\004\075\004\075\004\076\004\065\000\040\004\100\004\060\004\101\004\101\004\102\004\076\004\117\004\075\004\070\004\065}{chapter.6}% 22
\BOOKMARK [1][-]{section.6.3}{\376\377\004\034\004\065\004\102\004\100\004\070\004\107\004\065\004\101\004\072\004\070\004\065\000\040\004\103\004\101\004\073\004\076\004\062\004\070\004\117}{chapter.6}% 23
\BOOKMARK [1][-]{section.6.4}{\376\377\004\023\004\065\004\076\004\074\004\065\004\102\004\100\004\070\004\117\000\040\004\072\004\060\004\072\000\040\004\070\004\075\004\062\004\060\004\100\004\070\004\060\004\075\004\102\000\040\004\076\004\102\004\075\004\076\004\110\004\065\004\075\004\070\004\071}{chapter.6}% 24
\BOOKMARK [0][-]{chapter.7}{\376\377\004\022\004\113\004\062\004\065\004\064\004\065\004\075\004\070\004\065\000\040\004\062\004\100\004\065\004\074\004\065\004\075\004\070}{}% 25
\BOOKMARK [1][-]{section.7.1}{\376\377\004\022\004\100\004\065\004\074\004\117\000\040\004\072\004\060\004\072\000\040\004\077\004\076\004\100\004\117\004\064\004\076\004\072\000\040\004\070\004\067\004\074\004\065\004\075\004\065\004\075\004\070\004\071}{chapter.7}% 26
\BOOKMARK [1][-]{section.7.2}{\376\377\004\036\004\102\004\101\004\103\004\102\004\101\004\102\004\062\004\070\004\065\000\040\004\062\004\100\004\065\004\074\004\065\004\075\004\070\000\040\004\062\000\040\004\101\004\102\004\060\004\102\004\070\004\107\004\065\004\101\004\072\004\076\004\071\000\040\004\101\004\070\004\101\004\102\004\065\004\074\004\065}{chapter.7}% 27
\BOOKMARK [1][-]{section.7.3}{\376\377\004\035\004\060\004\077\004\100\004\060\004\062\004\073\004\065\004\075\004\070\004\065\000\040\004\062\004\100\004\065\004\074\004\065\004\075\004\070}{chapter.7}% 28
\BOOKMARK [0][-]{chapter.8}{\376\377\004\035\004\060\004\061\004\073\004\116\004\064\004\060\004\102\004\065\004\073\004\070\000\040\004\070\000\040\004\076\004\102\004\075\004\076\004\101\004\070\004\102\004\065\004\073\004\114\004\075\004\113\004\065\000\040\004\106\004\065\004\075\004\102\004\100\004\113}{}% 29
\BOOKMARK [1][-]{section.8.1}{\376\377\004\035\004\060\004\061\004\073\004\116\004\064\004\060\004\102\004\065\004\073\004\114\000\040\004\072\004\060\004\072\000\040\004\107\004\060\004\101\004\102\004\114}{chapter.8}% 30
\BOOKMARK [1][-]{section.8.2}{\376\377\004\036\004\102\004\075\004\076\004\101\004\070\004\102\004\065\004\073\004\114\004\075\004\076\004\101\004\102\004\114\000\040\004\076\004\077\004\070\004\101\004\060\004\075\004\070\004\117}{chapter.8}% 31
\BOOKMARK [0][-]{chapter.9}{\376\377\004\040\004\065\004\073\004\117\004\106\004\070\004\076\004\075\004\075\004\060\004\117\000\040\004\074\004\065\004\105\004\060\004\075\004\070\004\072\004\060}{}% 32
\BOOKMARK [1][-]{section.9.1}{\376\377\004\024\004\062\004\070\004\066\004\065\004\075\004\070\004\065}{chapter.9}% 33
\BOOKMARK [1][-]{section.9.2}{\376\377\004\041\004\072\004\076\004\100\004\076\004\101\004\102\004\114}{chapter.9}% 34
\BOOKMARK [1][-]{section.9.3}{\376\377\004\043\004\101\004\072\004\076\004\100\004\065\004\075\004\070\004\065}{chapter.9}% 35
\BOOKMARK [1][-]{section.9.4}{\376\377\004\030\004\075\004\065\004\100\004\106\004\070\004\117}{chapter.9}% 36
\BOOKMARK [1][-]{section.9.5}{\376\377\004\034\004\060\004\101\004\101\004\060\000\040\004\070\000\040\004\115\004\075\004\065\004\100\004\063\004\070\004\117\000\040\004\072\004\060\004\072\000\040\004\077\004\100\004\076\004\070\004\067\004\062\004\076\004\064\004\075\004\113\004\065\000\040\004\062\004\065\004\073\004\070\004\107\004\070\004\075\004\113}{chapter.9}% 37
\BOOKMARK [0][-]{chapter.10}{\376\377\004\044\004\070\004\067\004\070\004\107\004\065\004\101\004\072\004\060\004\117\000\040\004\070\004\075\004\102\004\065\004\100\004\077\004\100\004\065\004\102\004\060\004\106\004\070\004\117}{}% 38
\BOOKMARK [1][-]{section.10.1}{\376\377\004\041\004\076\004\077\004\076\004\101\004\102\004\060\004\062\004\073\004\065\004\075\004\070\004\065\000\040\004\101\000\040\004\072\004\073\004\060\004\101\004\101\004\070\004\107\004\065\004\101\004\072\004\076\004\071\000\040\004\101\004\105\004\065\004\074\004\076\004\071}{chapter.10}% 39
\BOOKMARK [1][-]{section.10.2}{\376\377\004\022\004\076\004\067\004\074\004\076\004\066\004\075\004\060\004\117\000\040\004\101\004\062\004\117\004\067\004\114\000\040\004\101\000\040\004\104\004\070\004\067\004\070\004\072\004\076\004\071}{chapter.10}% 40
\BOOKMARK [1][-]{section.10.3}{\376\377\004\032\004\100\004\070\004\102\004\065\004\100\004\070\004\070\000\040\004\104\004\070\004\067\004\070\004\107\004\065\004\101\004\072\004\076\004\071\000\040\004\077\004\100\004\070\004\074\004\065\004\075\004\070\004\074\004\076\004\101\004\102\004\070}{chapter.10}% 41
\BOOKMARK [0][-]{chapter.11}{\376\377\004\036\004\102\004\072\004\100\004\113\004\102\004\113\004\065\000\040\004\067\004\060\004\064\004\060\004\107\004\070}{}% 42
\BOOKMARK [1][-]{section.11.1}{\376\377\004\027\004\060\004\064\004\060\004\107\004\060\000\040\004\076\000\040\004\074\004\075\004\076\004\066\004\065\004\101\004\102\004\062\004\065\000\040\004\067\004\075\004\060\004\107\004\065\004\075\004\070\004\071\000\040\004\076\004\102\004\075\004\076\004\110\004\065\004\075\004\070\004\071}{chapter.11}% 43
\BOOKMARK [1][-]{section.11.2}{\376\377\004\027\004\060\004\064\004\060\004\107\004\060\000\040\004\076\000\040\004\074\004\065\004\102\004\100\004\070\004\072\004\065}{chapter.11}% 44
\BOOKMARK [1][-]{section.11.3}{\376\377\004\027\004\060\004\064\004\060\004\107\004\060\000\040\004\076\000\040\004\062\004\100\004\065\004\074\004\065\004\075\004\070}{chapter.11}% 45
\BOOKMARK [1][-]{section.11.4}{\376\377\004\027\004\060\004\064\004\060\004\107\004\060\000\040\004\076\000\040\004\104\004\070\004\067\004\070\004\107\004\065\004\101\004\072\004\070\004\105\000\040\004\062\004\065\004\073\004\070\004\107\004\070\004\075\004\060\004\105}{chapter.11}% 46
\BOOKMARK [0][-]{chapter.12}{\376\377\004\027\004\060\004\072\004\073\004\116\004\107\004\065\004\075\004\070\004\065}{}% 47
\BOOKMARK [0][-]{chapter*.3}{\376\377\004\037\004\073\004\060\004\075\000\040\004\064\004\060\004\073\004\114\004\075\004\065\004\071\004\110\004\065\004\071\000\040\004\100\004\060\004\067\004\100\004\060\004\061\004\076\004\102\004\072\004\070}{}% 48
